> Task :compileJava UP-TO-DATE
> Task :processResources
> Task :classes
> Task :resolveMainClassName

> Task :bootRun
  .   ____          _            __ _ _
 /\\ / ___'_ __ _ _(_)_ __  __ _ \ \ \ \
( ( )\___ | '_ | '_| | '_ \/ _` | \ \ \ \
 \\/  ___)| |_)| | | | | || (_| |  ) ) ) )
  '  |____| .__|_| |_|_| |_\__, | / / / /
 =========|_|==============|___/=/_/_/_/

 :: Spring Boot ::                (v3.3.0)

2026-03-17T15:13:17.025+07:00  INFO 31108 --- [  restartedMain] org.example.Application                  : Starting Application using Java 21.0.8 with PID 31108 (D:\DATT\BE\build\classes\java\main started by trong in D:\DATT\BE)
2026-03-17T15:13:17.027+07:00 DEBUG 31108 --- [  restartedMain] org.example.Application                  : Running with Spring Boot v3.3.0, Spring v6.1.8
2026-03-17T15:13:17.028+07:00  INFO 31108 --- [  restartedMain] org.example.Application                  : No active profile set, falling back to 1 default profile: "default"
2026-03-17T15:13:17.079+07:00  INFO 31108 --- [  restartedMain] .e.DevToolsPropertyDefaultsPostProcessor : Devtools property defaults active! Set 'spring.devtools.add-properties' to 'false' to disable
2026-03-17T15:13:17.079+07:00  INFO 31108 --- [  restartedMain] .e.DevToolsPropertyDefaultsPostProcessor : For additional web related logging consider setting the 'logging.level.web' property to 'DEBUG'
2026-03-17T15:13:18.068+07:00  INFO 31108 --- [  restartedMain] .s.d.r.c.RepositoryConfigurationDelegate : Multiple Spring Data modules found, entering strict repository configuration mode
2026-03-17T15:13:18.069+07:00  INFO 31108 --- [  restartedMain] .s.d.r.c.RepositoryConfigurationDelegate : Bootstrapping Spring Data JPA repositories in DEFAULT mode.
2026-03-17T15:13:18.288+07:00  INFO 31108 --- [  restartedMain] .s.d.r.c.RepositoryConfigurationDelegate : Finished Spring Data repository scanning in 211 ms. Found 13 JPA repository interfaces.
2026-03-17T15:13:18.308+07:00  INFO 31108 --- [  restartedMain] .s.d.r.c.RepositoryConfigurationDelegate : Multiple Spring Data modules found, entering strict repository configuration mode
2026-03-17T15:13:18.309+07:00  INFO 31108 --- [  restartedMain] .s.d.r.c.RepositoryConfigurationDelegate : Bootstrapping Spring Data Redis repositories in DEFAULT mode.
2026-03-17T15:13:18.327+07:00  INFO 31108 --- [  restartedMain] .RepositoryConfigurationExtensionSupport : Spring Data Redis - Could not safely identify store assignment for repository candidate interface org.example.features.catalog.repository.CategoryRepository; If you want this repository to be a Redis repository, consider annotating your entities with one of these annotations: org.springframework.data.redis.core.RedisHash (preferred), or consider extending one of the following types with your repository: org.springframework.data.keyvalue.repository.KeyValueRepository
2026-03-17T15:13:18.327+07:00  INFO 31108 --- [  restartedMain] .RepositoryConfigurationExtensionSupport : Spring Data Redis - Could not safely identify store assignment for repository candidate interface org.example.features.catalog.repository.ProductRepository; If you want this repository to be a Redis repository, consider annotating your entities with one of these annotations: org.springframework.data.redis.core.RedisHash (preferred), or consider extending one of the following types with your repository: org.springframework.data.keyvalue.repository.KeyValueRepository
2026-03-17T15:13:18.327+07:00  INFO 31108 --- [  restartedMain] .RepositoryConfigurationExtensionSupport : Spring Data Redis - Could not safely identify store assignment for repository candidate interface org.example.features.company.repository.CompanyRepository; If you want this repository to be a Redis repository, consider annotating your entities with one of these annotations: org.springframework.data.redis.core.RedisHash (preferred), or consider extending one of the following types with your repository: org.springframework.data.keyvalue.repository.KeyValueRepository
2026-03-17T15:13:18.327+07:00  INFO 31108 --- [  restartedMain] .RepositoryConfigurationExtensionSupport : Spring Data Redis - Could not safely identify store assignment for repository candidate interface org.example.features.company.repository.UserRepository; If you want this repository to be a Redis repository, consider annotating your entities with one of these annotations: org.springframework.data.redis.core.RedisHash (preferred), or consider extending one of the following types with your repository: org.springframework.data.keyvalue.repository.KeyValueRepository
2026-03-17T15:13:18.327+07:00  INFO 31108 --- [  restartedMain] .RepositoryConfigurationExtensionSupport : Spring Data Redis - Could not safely identify store assignment for repository candidate interface org.example.features.order.repository.InvoiceRepository; If you want this repository to be a Redis repository, consider annotating your entities with one of these annotations: org.springframework.data.redis.core.RedisHash (preferred), or consider extending one of the following types with your repository: org.springframework.data.keyvalue.repository.KeyValueRepository
2026-03-17T15:13:18.328+07:00  INFO 31108 --- [  restartedMain] .RepositoryConfigurationExtensionSupport : Spring Data Redis - Could not safely identify store assignment for repository candidate interface org.example.features.order.repository.orderDAO; If you want this repository to be a Redis repository, consider annotating your entities with one of these annotations: org.springframework.data.redis.core.RedisHash (preferred), or consider extending one of the following types with your repository: org.springframework.data.keyvalue.repository.KeyValueRepository
2026-03-17T15:13:18.328+07:00  INFO 31108 --- [  restartedMain] .RepositoryConfigurationExtensionSupport : Spring Data Redis - Could not safely identify store assignment for repository candidate interface org.example.features.order.repository.OrderItemRepository; If you want this repository to be a Redis repository, consider annotating your entities with one of these annotations: org.springframework.data.redis.core.RedisHash (preferred), or consider extending one of the following types with your repository: org.springframework.data.keyvalue.repository.KeyValueRepository
2026-03-17T15:13:18.328+07:00  INFO 31108 --- [  restartedMain] .RepositoryConfigurationExtensionSupport : Spring Data Redis - Could not safely identify store assignment for repository candidate interface org.example.features.order.repository.OrderRepository; If you want this repository to be a Redis repository, consider annotating your entities with one of these annotations: org.springframework.data.redis.core.RedisHash (preferred), or consider extending one of the following types with your repository: org.springframework.data.keyvalue.repository.KeyValueRepository
2026-03-17T15:13:18.328+07:00  INFO 31108 --- [  restartedMain] .RepositoryConfigurationExtensionSupport : Spring Data Redis - Could not safely identify store assignment for repository candidate interface org.example.features.payment.repository.PaymentRepository; If you want this repository to be a Redis repository, consider annotating your entities with one of these annotations: org.springframework.data.redis.core.RedisHash (preferred), or consider extending one of the following types with your repository: org.springframework.data.keyvalue.repository.KeyValueRepository
2026-03-17T15:13:18.328+07:00  INFO 31108 --- [  restartedMain] .RepositoryConfigurationExtensionSupport : Spring Data Redis - Could not safely identify store assignment for repository candidate interface org.example.features.production.repository.BatchItemRepository; If you want this repository to be a Redis repository, consider annotating your entities with one of these annotations: org.springframework.data.redis.core.RedisHash (preferred), or consider extending one of the following types with your repository: org.springframework.data.keyvalue.repository.KeyValueRepository
2026-03-17T15:13:18.328+07:00  INFO 31108 --- [  restartedMain] .RepositoryConfigurationExtensionSupport : Spring Data Redis - Could not safely identify store assignment for repository candidate interface org.example.features.production.repository.ProductionBatchRepository; If you want this repository to be a Redis repository, consider annotating your entities with one of these annotations: org.springframework.data.redis.core.RedisHash (preferred), or consider extending one of the following types with your repository: org.springframework.data.keyvalue.repository.KeyValueRepository
2026-03-17T15:13:18.328+07:00  INFO 31108 --- [  restartedMain] .RepositoryConfigurationExtensionSupport : Spring Data Redis - Could not safely identify store assignment for repository candidate interface org.example.features.product.ProductPageRepository; If you want this repository to be a Redis repository, consider annotating your entities with one of these annotations: org.springframework.data.redis.core.RedisHash (preferred), or consider extending one of the following types with your repository: org.springframework.data.keyvalue.repository.KeyValueRepository
2026-03-17T15:13:18.328+07:00  INFO 31108 --- [  restartedMain] .RepositoryConfigurationExtensionSupport : Spring Data Redis - Could not safely identify store assignment for repository candidate interface org.example.features.quote.repository.QuoteRepository; If you want this repository to be a Redis repository, consider annotating your entities with one of these annotations: org.springframework.data.redis.core.RedisHash (preferred), or consider extending one of the following types with your repository: org.springframework.data.keyvalue.repository.KeyValueRepository
2026-03-17T15:13:18.328+07:00  INFO 31108 --- [  restartedMain] .s.d.r.c.RepositoryConfigurationDelegate : Finished Spring Data repository scanning in 11 ms. Found 0 Redis repository interfaces.
2026-03-17T15:13:18.974+07:00  INFO 31108 --- [  restartedMain] o.s.b.w.embedded.tomcat.TomcatWebServer  : Tomcat initialized with port 8080 (http)
2026-03-17T15:13:18.988+07:00  INFO 31108 --- [  restartedMain] o.apache.catalina.core.StandardService   : Starting service [Tomcat]
2026-03-17T15:13:18.988+07:00  INFO 31108 --- [  restartedMain] o.apache.catalina.core.StandardEngine    : Starting Servlet engine: [Apache Tomcat/10.1.24]
2026-03-17T15:13:19.060+07:00  INFO 31108 --- [  restartedMain] o.a.c.c.C.[Tomcat].[localhost].[/]       : Initializing Spring embedded WebApplicationContext
2026-03-17T15:13:19.060+07:00  INFO 31108 --- [  restartedMain] w.s.c.ServletWebServerApplicationContext : Root WebApplicationContext: initialization completed in 1981 ms
2026-03-17T15:13:19.264+07:00  INFO 31108 --- [  restartedMain] com.zaxxer.hikari.HikariDataSource       : HikariPool-1 - Starting...
2026-03-17T15:13:19.476+07:00  INFO 31108 --- [  restartedMain] com.zaxxer.hikari.pool.HikariPool        : HikariPool-1 - Added connection org.postgresql.jdbc.PgConnection@3ec8b0d1
2026-03-17T15:13:19.478+07:00  INFO 31108 --- [  restartedMain] com.zaxxer.hikari.HikariDataSource       : HikariPool-1 - Start completed.
2026-03-17T15:13:19.519+07:00  INFO 31108 --- [  restartedMain] org.flywaydb.core.FlywayExecutor         : Database: jdbc:postgresql://localhost:5432/UIS_SaleSystem (PostgreSQL 18.0)
2026-03-17T15:13:19.527+07:00  WARN 31108 --- [  restartedMain] o.f.c.internal.database.base.Database    : Flyway upgrade recommended: PostgreSQL 18.0 is newer than this version of Flyway and support has not been tested. The latest supported version of PostgreSQL is 16.
2026-03-17T15:13:19.575+07:00  INFO 31108 --- [  restartedMain] o.f.c.i.s.JdbcTableSchemaHistory         : Repair of failed migration in Schema History table "public"."flyway_schema_history" not necessary. No failed migration detected.
2026-03-17T15:13:19.597+07:00  INFO 31108 --- [  restartedMain] o.f.core.internal.command.DbRepair       : Successfully repaired schema history table "public"."flyway_schema_history" (execution time 00:00.061s).
2026-03-17T15:13:19.633+07:00  WARN 31108 --- [  restartedMain] o.f.c.internal.database.base.Database    : Flyway upgrade recommended: PostgreSQL 18.0 is newer than this version of Flyway and support has not been tested. The latest supported version of PostgreSQL is 16.
2026-03-17T15:13:19.647+07:00  INFO 31108 --- [  restartedMain] o.f.core.internal.command.DbValidate     : Successfully validated 15 migrations (execution time 00:00.010s)
2026-03-17T15:13:19.654+07:00  INFO 31108 --- [  restartedMain] o.f.core.internal.command.DbMigrate      : Current version of schema "public": 13
2026-03-17T15:13:19.666+07:00  INFO 31108 --- [  restartedMain] o.f.core.internal.command.DbMigrate      : Migrating schema "public" to version "14 - seed test products"
2026-03-17T15:13:19.693+07:00  INFO 31108 --- [  restartedMain] o.f.core.internal.command.DbMigrate      : Migrating schema "public" to version "15 - add phone to users"
2026-03-17T15:13:19.726+07:00  INFO 31108 --- [  restartedMain] o.f.core.internal.command.DbMigrate      : Successfully applied 2 migrations to schema "public", now at version v15 (execution time 00:00.036s)
2026-03-17T15:13:19.804+07:00  INFO 31108 --- [  restartedMain] o.hibernate.jpa.internal.util.LogHelper  : HHH000204: Processing PersistenceUnitInfo [name: default]
2026-03-17T15:13:19.888+07:00  INFO 31108 --- [  restartedMain] org.hibernate.Version                    : HHH000412: Hibernate ORM core version 6.5.2.Final
2026-03-17T15:13:19.927+07:00  INFO 31108 --- [  restartedMain] o.h.c.internal.RegionFactoryInitiator    : HHH000026: Second-level cache disabled
2026-03-17T15:13:20.245+07:00  INFO 31108 --- [  restartedMain] o.s.o.j.p.SpringPersistenceUnitInfo      : No LoadTimeWeaver setup: ignoring JPA class transformer
2026-03-17T15:13:21.466+07:00  INFO 31108 --- [  restartedMain] o.h.e.t.j.p.i.JtaPlatformInitiator       : HHH000489: No JTA platform available (set 'hibernate.transaction.jta.platform' to enable JTA platform integration)
2026-03-17T15:13:21.470+07:00  INFO 31108 --- [  restartedMain] j.LocalContainerEntityManagerFactoryBean : Initialized JPA EntityManagerFactory for persistence unit 'default'
2026-03-17T15:13:21.789+07:00 DEBUG 31108 --- [  restartedMain] o.e.c.security.JwtAuthenticationFilter   : Filter 'jwtAuthenticationFilter' configured for use
2026-03-17T15:13:21.819+07:00  INFO 31108 --- [  restartedMain] o.s.d.j.r.query.QueryEnhancerFactory     : Hibernate is in classpath; If applicable, HQL parser will be used.
2026-03-17T15:13:22.427+07:00  INFO 31108 --- [  restartedMain] eAuthenticationProviderManagerConfigurer : Global AuthenticationManager configured with AuthenticationProvider bean with name authenticationProvider
2026-03-17T15:13:22.427+07:00  WARN 31108 --- [  restartedMain] r$InitializeUserDetailsManagerConfigurer : Global AuthenticationManager configured with an AuthenticationProvider bean. UserDetailsService beans will not be used for username/password login. Consider removing the AuthenticationProvider bean. Alternatively, consider using the UserDetailsService in a manually instantiated DaoAuthenticationProvider.
2026-03-17T15:13:23.336+07:00  WARN 31108 --- [  restartedMain] JpaBaseConfiguration$JpaWebConfiguration : spring.jpa.open-in-view is enabled by default. Therefore, database queries may be performed during view rendering. Explicitly configure spring.jpa.open-in-view to disable this warning
2026-03-17T15:13:23.659+07:00  INFO 31108 --- [  restartedMain] o.s.s.web.DefaultSecurityFilterChain     : Will secure any request with [org.springframework.security.web.session.DisableEncodeUrlFilter@2ae30841, org.springframework.security.web.context.request.async.WebAsyncManagerIntegrationFilter@15ccd33, org.springframework.security.web.context.SecurityContextHolderFilter@15252650, org.springframework.security.web.header.HeaderWriterFilter@57a56890, org.springframework.web.filter.CorsFilter@38c547b2, org.springframework.security.web.authentication.logout.LogoutFilter@dd1059b, org.example.config.security.JwtAuthenticationFilter@2aafe747, org.springframework.security.web.savedrequest.RequestCacheAwareFilter@688e2fc, org.springframework.security.web.servletapi.SecurityContextHolderAwareRequestFilter@50c3c757, org.springframework.security.web.authentication.AnonymousAuthenticationFilter@5409765d, org.springframework.security.web.session.SessionManagementFilter@56c85e34, org.springframework.security.web.access.ExceptionTranslationFilter@34332de3, org.springframework.security.web.access.intercept.AuthorizationFilter@333304fa]
2026-03-17T15:13:23.851+07:00  WARN 31108 --- [  restartedMain] ion$DefaultTemplateResolverConfiguration : Cannot find template location: classpath:/templates/ (please add some templates, check your Thymeleaf configuration, or set spring.thymeleaf.check-template-location=false)
2026-03-17T15:13:24.382+07:00  INFO 31108 --- [  restartedMain] o.s.b.d.a.OptionalLiveReloadServer       : LiveReload server is running on port 35729
2026-03-17T15:13:24.414+07:00  INFO 31108 --- [  restartedMain] o.s.b.w.embedded.tomcat.TomcatWebServer  : Tomcat started on port 8080 (http) with context path '/'
2026-03-17T15:13:24.423+07:00  INFO 31108 --- [  restartedMain] org.example.Application                  : Started Application in 7.782 seconds (process running for 8.31)
2026-03-17T15:13:24.778+07:00  INFO 31108 --- [  restartedMain] org.example.config.DataInitializer       : ✅ Seeded user: phuc1@gmail.com (ADMIN)
2026-03-17T15:13:24.852+07:00  INFO 31108 --- [  restartedMain] org.example.config.DataInitializer       : ✅ Seeded user: admin@gmail.com (ADMIN)
2026-03-17T15:13:24.924+07:00  INFO 31108 --- [  restartedMain] org.example.config.DataInitializer       : ✅ Seeded user: user01@gmail.com (CUSTOMER)
2026-03-17T15:13:24.995+07:00  INFO 31108 --- [  restartedMain] org.example.config.DataInitializer       : ✅ Seeded user: user02@gmail.com (CUSTOMER)
2026-03-17T15:13:25.071+07:00  INFO 31108 --- [  restartedMain] org.example.config.DataInitializer       : ✅ Seeded user: user03@gmail.com (CUSTOMER)
2026-03-17T15:13:25.071+07:00  INFO 31108 --- [  restartedMain] org.example.config.DataInitializer       : 🌱 DataInitializer: 5 sample user(s) created.
Terminate batch job (Y/N)? 